<html>
 <head>
  <meta content="text/html; charset=utf-8" http-equiv="Content-type"/>
  <link charset="utf-8" href="/assets/styles/markdown/markdown-screen.css" media="screen" rel="stylesheet" type="text/css"/>
  <link charset="utf-8" href="/assets/styles/markdown/markdown-print.css" media="print" rel="stylesheet" type="text/css"/>
  <link charset="utf-8" href="/assets/styles/markdown/pygments/github.css" media="screen" rel="stylesheet" type="text/css"/>
  <link charset="utf-8" href="/assets/js/mermaid/mermaid.forest.css" media="screen" rel="stylesheet" type="text/css"/>
  <title>
   Table of content
  </title>
  <script charset="utf-8" type="text/javascript">
   function toggleVisibility(theButton, targetName) {
              var target = document.getElementById(targetName);
              if ( target.style.opacity == '0' ) {
                // show
                target.style.left = '0px';
                target.style.position = 'relative';
                target.style.opacity = '1';
                theButton.innerHTML = "Hide Table of Contents";
              } else {
                // hide
                target.style.left = '-4000px';
                target.style.position = 'absolute';
                target.style.opacity = '0';
                theButton.innerHTML = "Show Table of Contents";
              }
              return true;
            }
  </script>
  <script src="/assets/js/mermaid/mermaid.js">
  </script>
  #
  <script charset="utf-8" type="text/javascript">
   mermaid.initialize({
                flowchart:{
                    htmlLabels: true,
                    useMaxWidth: false
                  },
                sequenceDiagram: {
                    diagramMarginX:10,
                    diagramMarginY:10,
                    boxTextMargin:10,
                    noteMargin:10,
                    messageMargin:35,
                    mirrorActors:true,
                    // Height of actor boxes
                    width:300,
                    height:40,
                    useMaxWidth: false
                },
               ganttConfig: {
                titleTopMargin:25,
                barHeight:20,
                barGap:4,
                topPadding:5,
                sidePadding:75,
                gridLineStartPadding:35,
                fontSize:11,
                numberSectionStyles:3
              },
              cloneCssStyles:true,
              startOnLoad:true
            });
  </script>
 </head>
 <body>
  <p class="controls" id="showhide" onclick="toggleVisibility(this, 'TOC');">
   Hide Table of Contents
  </p>
  <div id="TOC">
   <ul>
    <li>
     <a href="#example-of-super-markdown-file">
      Example of Super Markdown file
     </a>
     <ul>
      <li>
       <a href="#table-of-content">
        Table of content
       </a>
      </li>
      <li>
       <a href="#introduction">
        Introduction
       </a>
      </li>
      <li>
       <a href="#a-text-with-list-example">
        A text with list &amp; example
       </a>
      </li>
      <li>
       <a href="#mermaid-sequence-diagram">
        Mermaid sequence diagram
       </a>
      </li>
      <li>
       <a href="#mermaid-graph">
        Mermaid graph
       </a>
      </li>
      <li>
       <a href="#dotgraph">
        DotGraph
       </a>
       <ul>
        <li>
         <a href="#simple-example">
          Simple example
         </a>
         <ul>
          <li>
           <a href="#a-complex-example">
            a Complex example
           </a>
          </li>
         </ul>
        </li>
       </ul>
      </li>
     </ul>
    </li>
   </ul>
  </div>
  <table id="metadata">
  </table>
  <h1 id="example-of-super-markdown-file">
   Example of Super Markdown file
  </h1>
  <h2 id="table-of-content">
   Table of content
  </h2>
  <hr/>
  <div id="TOC">
   <ul>
    <li>
     <a href="#example-of-super-markdown-file">
      Example of Super Markdown file
     </a>
     <ul>
      <li>
       <a href="#table-of-content">
        Table of content
       </a>
      </li>
      <li>
       <a href="#introduction">
        Introduction
       </a>
      </li>
      <li>
       <a href="#a-text-with-list-example">
        A text with list &amp; example
       </a>
      </li>
      <li>
       <a href="#mermaid-sequence-diagram">
        Mermaid sequence diagram
       </a>
      </li>
      <li>
       <a href="#mermaid-graph">
        Mermaid graph
       </a>
      </li>
      <li>
       <a href="#dotgraph">
        DotGraph
       </a>
       <ul>
        <li>
         <a href="#simple-example">
          Simple example
         </a>
         <ul>
          <li>
           <a href="#a-complex-example">
            a Complex example
           </a>
          </li>
         </ul>
        </li>
       </ul>
      </li>
     </ul>
    </li>
   </ul>
  </div>
  <h2 id="introduction">
   Introduction
  </h2>
  <p>
   Super Markdown can generate Standalone Html file from markdown.
  </p>
  <h2 id="a-text-with-list-example">
   A text with list &amp; example
  </h2>
  <p>
   Lorem ipsum dolor sit amet, consectetur adipisicing elit, sed do eiusmod
tempor incididunt ut labore et dolore magna aliqua. Ut enim ad minim veniam,
quis nostrud exercitation ullamco laboris nisi ut aliquip ex ea commodo
consequat. Duis aute irure dolor in reprehenderit in voluptate velit esse
cillum dolore eu fugiat nulla pariatur. Excepteur sint occaecat cupidatat non
proident, sunt in culpa qui officia deserunt mollit anim id est laborum.
  </p>
  <p>
   <strong>
    Bullet
   </strong>
   list:
  </p>
  <ul>
   <li>
    apples
   </li>
   <li>
    oranges
   </li>
   <li>
    pears
   </li>
  </ul>
  <p>
   <strong>
    Numbered
   </strong>
   list:
  </p>
  <ol>
   <li>
    apples
   </li>
   <li>
    oranges
   </li>
   <li>
    pears
   </li>
  </ol>
  <p>
   <strong>
    Task
   </strong>
   list:
  </p>
  <ul>
   <li>
    [ ] foo
   </li>
   <li>
    [x] bar
   </li>
   <li>
    [ ] baz
   </li>
  </ul>
  <h2 id="mermaid-sequence-diagram">
   Mermaid sequence diagram
  </h2>
  <code class="mermaid">
   sequenceDiagram
            participant OneDep Deposition UI
            participant Workflow Database
            participant Workflow Engine
            participant Format Check WF
            participant Format Conversion WF
            participant Validation WF
            participant OnSubmit WF

            OneDep Deposition UI-&gt;&gt;Workflow Database:Workflow request
            Workflow Database--&gt;&gt;OneDep Deposition UI:Workflow completion status

            Workflow Database-&gt;&gt;Workflow Engine:Monitor workflow requests
            Workflow Engine--&gt;&gt;Workflow Database:Return completion status


            loop For each uploaded dataset model
            Workflow Engine-&gt;&gt;Format Check WF:Invoke format check workflow
            Format Check WF--&gt;&gt;Workflow Engine:Return completion status

            Workflow Engine-&gt;&gt;Format Conversion WF:Invoke format conversion workflow
            Format Conversion WF--&gt;&gt;Workflow Engine:Return completion status

            Workflow Engine-&gt;&gt;Validation WF:Invoke validation report workflow
            Validation WF--&gt;&gt;Workflow Engine:Return completion status
            end
            Workflow Engine-&gt;&gt;OnSubmit WF:Invoke submit to annotation workflow
            OnSubmit WF--&gt;&gt;Workflow Engine:Return completion status
  </code>
  <h2 id="mermaid-graph">
   Mermaid graph
  </h2>
  <code class="mermaid">
   graph TD;

subgraph Store Wizzard
    c_wiz1(cabinet)
    c_wiz2(cabinet)
    c_wiz3(cabinet)
    c_wiz4(cabinet)
end

subgraph Configurateur
    l_conf(Linéaire)
end

l_conf --&gt; c_wiz1
l_conf --&gt; c_wiz2
l_conf --&gt; c_wiz3
l_conf --&gt; c_wiz4
  </code>
  <code class="mermaid">
   graph TD;

subgraph Store Wizzard
    c_wiz1(cabinet)
    c_wiz2(cabinet)
    c_wiz3(cabinet)
    c_wiz4(cabinet)
end

subgraph Configurateur
    l_conf(Linéaire)
end

l_conf --&gt; c_wiz1
l_conf --&gt; c_wiz2
l_conf --&gt; c_wiz3
l_conf --&gt; c_wiz4
  </code>
  <h2 id="dotgraph">
   DotGraph
  </h2>
  <h3 id="simple-example">
   Simple example
  </h3>
  <p>
   a very short example find on
   <a href="http://graphviz.readthedocs.io/en/latest/manual.html">
    Graphviz manual
   </a>
  </p>
  <?xml version="1.0" encoding="UTF-8" standalone="no"?>
  <!DOCTYPE svg PUBLIC "-//W3C//DTD SVG 1.1//EN"
 "http://www.w3.org/Graphics/SVG/1.1/DTD/svg11.dtd">
  <!-- Generated by graphviz version 12.2.1 (20241206.2353)
 -->
  <!-- Title: pet&#45;shop Pages: 1 -->
  <svg height="44pt" viewbox="0.00 0.00 152.00 44.00" width="152pt" xmlns="http://www.w3.org/2000/svg" xmlns:xlink="http://www.w3.org/1999/xlink">
   <g class="graph" id="graph0" transform="scale(1 1) rotate(0) translate(4 40)">
    <title>
     pet-shop
    </title>
    <polygon fill="white" points="-4,4 -4,-40 148,-40 148,4 -4,4" stroke="none">
    </polygon>
    <!-- parrot -->
    <g class="node" id="node1">
     <title>
      parrot
     </title>
     <text font-family="Times,serif" font-size="14.00" text-anchor="middle" x="27" y="-12.95">
      parrot
     </text>
    </g>
    <!-- dead -->
    <g class="node" id="node2">
     <title>
      dead
     </title>
     <text font-family="Times,serif" font-size="14.00" text-anchor="middle" x="117" y="-12.95">
      dead
     </text>
    </g>
    <!-- parrot&#45;&gt;dead -->
    <g class="edge" id="edge1">
     <title>
      parrot-&gt;dead
     </title>
     <path d="M53.93,-18C58.76,-18 63.95,-18 69.19,-18" fill="none" stroke="black">
     </path>
     <polygon fill="black" points="89.04,-18 69.04,-27 80.26,-18 69.04,-18 69.04,-18 69.04,-18 80.26,-18 69.04,-9 89.04,-18" stroke="black">
     </polygon>
    </g>
   </g>
  </svg>
  <p>
   and another example:
  </p>
  <?xml version="1.0" encoding="UTF-8" standalone="no"?>
  <!DOCTYPE svg PUBLIC "-//W3C//DTD SVG 1.1//EN"
 "http://www.w3.org/Graphics/SVG/1.1/DTD/svg11.dtd">
  <!-- Generated by graphviz version 12.2.1 (20241206.2353)
 -->
  <!-- Pages: 1 -->
  <svg height="116pt" viewbox="0.00 0.00 403.69 116.00" width="404pt" xmlns="http://www.w3.org/2000/svg" xmlns:xlink="http://www.w3.org/1999/xlink">
   <g class="graph" id="graph0" transform="scale(1 1) rotate(0) translate(4 112)">
    <polygon fill="white" points="-4,4 -4,-112 399.69,-112 399.69,4 -4,4" stroke="none">
    </polygon>
    <!-- A -->
    <g class="node" id="node1">
     <title>
      A
     </title>
     <ellipse cx="196.83" cy="-90" fill="none" rx="55.96" ry="18" stroke="black">
     </ellipse>
     <text font-family="Times,serif" font-size="14.00" text-anchor="middle" x="196.83" y="-84.95">
      King Arthur
     </text>
    </g>
    <!-- B -->
    <g class="node" id="node2">
     <title>
      B
     </title>
     <ellipse cx="93.83" cy="-18" fill="none" rx="93.83" ry="18" stroke="black">
     </ellipse>
     <text font-family="Times,serif" font-size="14.00" text-anchor="middle" x="93.83" y="-12.95">
      Sir Bedevere the Wise
     </text>
    </g>
    <!-- A&#45;&gt;B -->
    <g class="edge" id="edge1">
     <title>
      A-&gt;B
     </title>
     <path d="M173.72,-73.29C160.19,-64.1 142.87,-52.32 127.81,-42.09" fill="none" stroke="black">
     </path>
     <polygon fill="black" points="129.8,-39.21 119.56,-36.48 125.86,-45 129.8,-39.21" stroke="black">
     </polygon>
    </g>
    <!-- L -->
    <g class="node" id="node3">
     <title>
      L
     </title>
     <ellipse cx="300.83" cy="-18" fill="none" rx="94.86" ry="18" stroke="black">
     </ellipse>
     <text font-family="Times,serif" font-size="14.00" text-anchor="middle" x="300.83" y="-12.95">
      Sir Lancelot the Brave
     </text>
    </g>
    <!-- A&#45;&gt;L -->
    <g class="edge" id="edge2">
     <title>
      A-&gt;L
     </title>
     <path d="M220.17,-73.29C233.96,-64.01 251.65,-52.1 266.96,-41.8" fill="none" stroke="black">
     </path>
     <polygon fill="black" points="268.52,-44.97 274.86,-36.48 264.61,-39.16 268.52,-44.97" stroke="black">
     </polygon>
    </g>
    <!-- B&#45;&gt;L -->
    <g class="edge" id="edge3">
     <title>
      B-&gt;L
     </title>
     <path d="M188.03,-18C190.14,-18 192.26,-18 194.37,-18" fill="none" stroke="black">
     </path>
     <polygon fill="black" points="194.14,-21.5 204.14,-18 194.14,-14.5 194.14,-21.5" stroke="black">
     </polygon>
    </g>
   </g>
  </svg>
  <h4 id="a-complex-example">
   a Complex example
  </h4>
  <p>
   Here a more complex example find on
   <a href="http://www.graphviz.org/content/Genetic_Programming">
    Graphviz Gallery
   </a>
  </p>
  <?xml version="1.0" encoding="UTF-8" standalone="no"?>
  <!DOCTYPE svg PUBLIC "-//W3C//DTD SVG 1.1//EN"
 "http://www.w3.org/Graphics/SVG/1.1/DTD/svg11.dtd">
  <!-- Generated by graphviz version 12.2.1 (20241206.2353)
 -->
  <!-- Title: g Pages: 1 -->
  <svg height="580pt" viewbox="0.00 0.00 1117.00 580.00" width="1117pt" xmlns="http://www.w3.org/2000/svg" xmlns:xlink="http://www.w3.org/1999/xlink">
   <g class="graph" id="graph0" transform="scale(1 1) rotate(0) translate(4 576)">
    <title>
     g
    </title>
    <polygon fill="white" points="-4,4 -4,-576 1113,-576 1113,4 -4,4" stroke="none">
    </polygon>
    <!-- state0 -->
    <g class="node" id="node1">
     <title>
      state0
     </title>
     <path d="M12,-75.25C12,-75.25 164.5,-75.25 164.5,-75.25 170.5,-75.25 176.5,-81.25 176.5,-87.25 176.5,-87.25 176.5,-244.75 176.5,-244.75 176.5,-250.75 170.5,-256.75 164.5,-256.75 164.5,-256.75 12,-256.75 12,-256.75 6,-256.75 0,-250.75 0,-244.75 0,-244.75 0,-87.25 0,-87.25 0,-81.25 6,-75.25 12,-75.25" fill="white" stroke="black" stroke-width="5">
     </path>
     <polygon fill="white" points="8,-79.25 8,-252.75 168.5,-252.75 168.5,-79.25 8,-79.25" stroke="none">
     </polygon>
     <polygon fill="black" points="10,-228.25 10,-250.75 166.5,-250.75 166.5,-228.25 10,-228.25" stroke="none">
     </polygon>
     <text fill="white" font-family="Courier New" font-size="14.00" text-anchor="start" x="55.25" y="-234.45">
      State #0
     </text>
     <text font-family="Courier New" font-size="14.00" text-anchor="start" x="13" y="-209.95">
      (0) s -&gt; •e $
     </text>
     <text font-family="Courier New" font-size="14.00" text-anchor="start" x="13" y="-185.45">
      (1) e -&gt; •l '=' r
     </text>
     <text font-family="Courier New" font-size="14.00" text-anchor="start" x="13" y="-160.95">
      (2) e -&gt; •r
     </text>
     <text font-family="Courier New" font-size="14.00" text-anchor="start" x="13" y="-136.45">
      (3) l -&gt; •'*' r
     </text>
     <text font-family="Courier New" font-size="14.00" text-anchor="start" x="13" y="-111.95">
      (4) l -&gt; •'n'
     </text>
     <text font-family="Courier New" font-size="14.00" text-anchor="start" x="13" y="-87.45">
      (5) r -&gt; •l
     </text>
    </g>
    <!-- state1 -->
    <g class="node" id="node2">
     <title>
      state1
     </title>
     <path d="M715.88,-258.75C715.88,-258.75 851.88,-258.75 851.88,-258.75 857.88,-258.75 863.88,-264.75 863.88,-270.75 863.88,-270.75 863.88,-379.25 863.88,-379.25 863.88,-385.25 857.88,-391.25 851.88,-391.25 851.88,-391.25 715.88,-391.25 715.88,-391.25 709.88,-391.25 703.88,-385.25 703.88,-379.25 703.88,-379.25 703.88,-270.75 703.88,-270.75 703.88,-264.75 709.88,-258.75 715.88,-258.75" fill="white" stroke="black">
     </path>
     <polygon fill="white" points="711.88,-262.75 711.88,-387.25 855.88,-387.25 855.88,-262.75 711.88,-262.75" stroke="none">
     </polygon>
     <polygon fill="black" points="713.88,-362.75 713.88,-385.25 853.88,-385.25 853.88,-362.75 713.88,-362.75" stroke="none">
     </polygon>
     <text fill="white" font-family="Courier New" font-size="14.00" text-anchor="start" x="750.88" y="-368.95">
      State #1
     </text>
     <text font-family="Courier New" font-size="14.00" text-anchor="start" x="716.88" y="-344.45">
      (3) l -&gt; •'*' r
     </text>
     <text font-family="Courier New" font-size="14.00" text-anchor="start" x="716.88" y="-319.95">
      (3) l -&gt; '*' •r
     </text>
     <text font-family="Courier New" font-size="14.00" text-anchor="start" x="716.88" y="-295.45">
      (4) l -&gt; •'n'
     </text>
     <text font-family="Courier New" font-size="14.00" text-anchor="start" x="716.88" y="-270.95">
      (5) r -&gt; •l
     </text>
    </g>
    <!-- state0&#45;&gt;state1 -->
    <g class="edge" id="edge4">
     <title>
      state0-&gt;state1
     </title>
     <path d="M178.72,-178.64C329.39,-200.04 619.54,-241.78 641.25,-249 658.74,-254.81 676.63,-262.68 693.55,-271.16" fill="none" stroke="black">
     </path>
     <polygon fill="black" points="691.55,-274.07 702.04,-275.53 694.74,-267.84 691.55,-274.07" stroke="black">
     </polygon>
     <text fill="#474747" font-family="Times,serif" font-size="14.00" text-anchor="middle" x="440.38" y="-220.54">
      '*'
     </text>
    </g>
    <!-- state2 -->
    <g class="node" id="node3">
     <title>
      state2
     </title>
     <path d="M946.75,-194.5C946.75,-194.5 1088.75,-194.5 1088.75,-194.5 1094.75,-194.5 1100.75,-200.5 1100.75,-206.5 1100.75,-206.5 1100.75,-241.5 1100.75,-241.5 1100.75,-247.5 1094.75,-253.5 1088.75,-253.5 1088.75,-253.5 946.75,-253.5 946.75,-253.5 940.75,-253.5 934.75,-247.5 934.75,-241.5 934.75,-241.5 934.75,-206.5 934.75,-206.5 934.75,-200.5 940.75,-194.5 946.75,-194.5" fill="white" stroke="black">
     </path>
     <polygon fill="white" points="942.75,-198.5 942.75,-249.5 1092.75,-249.5 1092.75,-198.5 942.75,-198.5" stroke="none">
     </polygon>
     <polygon fill="black" points="944.75,-225 944.75,-247.5 1090.75,-247.5 1090.75,-225 944.75,-225" stroke="none">
     </polygon>
     <text fill="white" font-family="Courier New" font-size="14.00" text-anchor="start" x="984.75" y="-231.2">
      State #2
     </text>
     <text font-family="Courier New" font-size="14.00" text-anchor="start" x="947.75" y="-206.7">
      (4) l -&gt; 'n' •
     </text>
     <polygon fill="grey" points="1068.25,-200.5 1068.25,-223 1090.75,-223 1090.75,-200.5 1068.25,-200.5" stroke="none">
     </polygon>
     <text font-family="Courier New" font-size="14.00" text-anchor="start" x="1071.25" y="-206.7">
      =$
     </text>
    </g>
    <!-- state0&#45;&gt;state2 -->
    <g class="edge" id="edge5">
     <title>
      state0-&gt;state2
     </title>
     <path d="M178.96,-166C221.58,-166 273.23,-166 319.62,-166 319.62,-166 319.62,-166 784.88,-166 832.69,-166 884.43,-177.75 926.88,-190.67" fill="none" stroke="black">
     </path>
     <polygon fill="black" points="925.72,-193.97 936.31,-193.61 927.8,-187.29 925.72,-193.97" stroke="black">
     </polygon>
     <text fill="#474747" font-family="Times,serif" font-size="14.00" text-anchor="middle" x="553" y="-169.2">
      'n'
     </text>
    </g>
    <!-- state5 -->
    <g class="node" id="node6">
     <title>
      state5
     </title>
     <path d="M260.88,-78.5C260.88,-78.5 380.38,-78.5 380.38,-78.5 386.38,-78.5 392.38,-84.5 392.38,-90.5 392.38,-90.5 392.38,-125.5 392.38,-125.5 392.38,-131.5 386.38,-137.5 380.38,-137.5 380.38,-137.5 260.88,-137.5 260.88,-137.5 254.88,-137.5 248.88,-131.5 248.88,-125.5 248.88,-125.5 248.88,-90.5 248.88,-90.5 248.88,-84.5 254.88,-78.5 260.88,-78.5" fill="black" stroke="black">
     </path>
     <polygon fill="black" points="256.88,-82.5 256.88,-133.5 384.38,-133.5 384.38,-82.5 256.88,-82.5" stroke="none">
     </polygon>
     <polygon fill="black" points="258.88,-109 258.88,-131.5 382.38,-131.5 382.38,-109 258.88,-109" stroke="none">
     </polygon>
     <text fill="white" font-family="Courier New" font-size="14.00" text-anchor="start" x="287.62" y="-115.2">
      State #5
     </text>
     <text fill="white" font-family="Courier New" font-size="14.00" text-anchor="start" x="261.88" y="-90.7">
      (0) s -&gt; e •$
     </text>
    </g>
    <!-- state0&#45;&gt;state5 -->
    <g class="edge" id="edge1">
     <title>
      state0-&gt;state5
     </title>
     <path d="M178.71,-124.43C184,-122.69 189.28,-121.1 194.5,-119.75 206.6,-116.61 219.56,-114.29 232.37,-112.57" fill="none" stroke="black" stroke-width="5">
     </path>
     <polygon fill="black" points="232.84,-116.92 242.27,-111.43 231.83,-108.23 232.84,-116.92" stroke="black" stroke-width="5">
     </polygon>
     <text font-family="Times,serif" font-size="28.00" text-anchor="middle" x="200.88" y="-125.4">
      e
     </text>
    </g>
    <!-- state6 -->
    <g class="node" id="node7">
     <title>
      state6
     </title>
     <path d="M237.25,-255.25C237.25,-255.25 404,-255.25 404,-255.25 410,-255.25 416,-261.25 416,-267.25 416,-267.25 416,-326.75 416,-326.75 416,-332.75 410,-338.75 404,-338.75 404,-338.75 237.25,-338.75 237.25,-338.75 231.25,-338.75 225.25,-332.75 225.25,-326.75 225.25,-326.75 225.25,-267.25 225.25,-267.25 225.25,-261.25 231.25,-255.25 237.25,-255.25" fill="white" stroke="black">
     </path>
     <polygon fill="white" points="233.25,-259.25 233.25,-334.75 408,-334.75 408,-259.25 233.25,-259.25" stroke="none">
     </polygon>
     <polygon fill="black" points="235.25,-310.25 235.25,-332.75 406,-332.75 406,-310.25 235.25,-310.25" stroke="none">
     </polygon>
     <text fill="white" font-family="Courier New" font-size="14.00" text-anchor="start" x="287.62" y="-316.45">
      State #6
     </text>
     <text font-family="Courier New" font-size="14.00" text-anchor="start" x="238.25" y="-291.95">
      (1) e -&gt; l •'=' r
     </text>
     <text font-family="Courier New" font-size="14.00" text-anchor="start" x="238.25" y="-267.45">
      (5) r -&gt; l •
     </text>
     <polygon fill="grey" points="391.75,-261.25 391.75,-283.75 406,-283.75 406,-261.25 391.75,-261.25" stroke="none">
     </polygon>
     <text font-family="Courier New" font-size="14.00" text-anchor="start" x="394.75" y="-267.45">
      $
     </text>
    </g>
    <!-- state0&#45;&gt;state6 -->
    <g class="edge" id="edge2">
     <title>
      state0-&gt;state6
     </title>
     <path d="M178.98,-217.02C196.24,-226.84 214.3,-237.11 231.51,-246.89" fill="none" stroke="black" stroke-width="5">
     </path>
     <polygon fill="black" points="229.13,-250.58 239.99,-251.72 233.46,-242.97 229.13,-250.58" stroke="black" stroke-width="5">
     </polygon>
     <text font-family="Times,serif" font-size="28.00" text-anchor="middle" x="200.88" y="-237.15">
      l
     </text>
    </g>
    <!-- state9 -->
    <g class="node" id="node10">
     <title>
      state9
     </title>
     <path d="M262,-0.5C262,-0.5 379.25,-0.5 379.25,-0.5 385.25,-0.5 391.25,-6.5 391.25,-12.5 391.25,-12.5 391.25,-47.5 391.25,-47.5 391.25,-53.5 385.25,-59.5 379.25,-59.5 379.25,-59.5 262,-59.5 262,-59.5 256,-59.5 250,-53.5 250,-47.5 250,-47.5 250,-12.5 250,-12.5 250,-6.5 256,-0.5 262,-0.5" fill="white" stroke="black">
     </path>
     <polygon fill="white" points="258,-4.5 258,-55.5 383.25,-55.5 383.25,-4.5 258,-4.5" stroke="none">
     </polygon>
     <polygon fill="black" points="260,-31 260,-53.5 381.25,-53.5 381.25,-31 260,-31" stroke="none">
     </polygon>
     <text fill="white" font-family="Courier New" font-size="14.00" text-anchor="start" x="287.62" y="-37.2">
      State #9
     </text>
     <text font-family="Courier New" font-size="14.00" text-anchor="start" x="263" y="-12.7">
      (2) e -&gt; r •
     </text>
     <polygon fill="grey" points="367,-6.5 367,-29 381.25,-29 381.25,-6.5 367,-6.5" stroke="none">
     </polygon>
     <text font-family="Courier New" font-size="14.00" text-anchor="start" x="370" y="-12.7">
      $
     </text>
    </g>
    <!-- state0&#45;&gt;state9 -->
    <g class="edge" id="edge3">
     <title>
      state0-&gt;state9
     </title>
     <path d="M178.71,-90.73C183.95,-87.21 189.23,-83.86 194.5,-80.75 207.1,-73.31 221,-66.49 234.81,-60.41" fill="none" stroke="black" stroke-width="5">
     </path>
     <polygon fill="black" points="236.44,-64.47 243.95,-56.55 233.03,-56.41 236.44,-64.47" stroke="black" stroke-width="5">
     </polygon>
     <text font-family="Times,serif" font-size="28.00" text-anchor="middle" x="200.88" y="-86.4">
      r
     </text>
    </g>
    <!-- state1&#45;&gt;state1 -->
    <g class="edge" id="edge6">
     <title>
      state1-&gt;state1
     </title>
     <path d="M763.23,-391.44C766.19,-402.29 773.07,-409.75 783.88,-409.75 790.8,-409.75 796.11,-406.69 799.81,-401.64" fill="none" stroke="black">
     </path>
     <polygon fill="black" points="802.87,-403.36 803.88,-392.82 796.51,-400.43 802.87,-403.36" stroke="black">
     </polygon>
     <text fill="#474747" font-family="Times,serif" font-size="14.00" text-anchor="middle" x="783.88" y="-412.95">
      '*'
     </text>
    </g>
    <!-- state1&#45;&gt;state2 -->
    <g class="edge" id="edge8">
     <title>
      state1-&gt;state2
     </title>
     <path d="M864.35,-290.38C888.1,-280.04 914.13,-268.7 937.85,-258.37" fill="none" stroke="black">
     </path>
     <polygon fill="black" points="939.05,-261.66 946.82,-254.46 936.26,-255.24 939.05,-261.66" stroke="black">
     </polygon>
     <text fill="#474747" font-family="Times,serif" font-size="14.00" text-anchor="middle" x="902.88" y="-277.7">
      'n'
     </text>
    </g>
    <!-- state3 -->
    <g class="node" id="node4">
     <title>
      state3
     </title>
     <path d="M955,-384.5C955,-384.5 1080.5,-384.5 1080.5,-384.5 1086.5,-384.5 1092.5,-390.5 1092.5,-396.5 1092.5,-396.5 1092.5,-431.5 1092.5,-431.5 1092.5,-437.5 1086.5,-443.5 1080.5,-443.5 1080.5,-443.5 955,-443.5 955,-443.5 949,-443.5 943,-437.5 943,-431.5 943,-431.5 943,-396.5 943,-396.5 943,-390.5 949,-384.5 955,-384.5" fill="white" stroke="black">
     </path>
     <polygon fill="white" points="951,-388.5 951,-439.5 1084.5,-439.5 1084.5,-388.5 951,-388.5" stroke="none">
     </polygon>
     <polygon fill="black" points="953,-415 953,-437.5 1082.5,-437.5 1082.5,-415 953,-415" stroke="none">
     </polygon>
     <text fill="white" font-family="Courier New" font-size="14.00" text-anchor="start" x="984.75" y="-421.2">
      State #3
     </text>
     <text font-family="Courier New" font-size="14.00" text-anchor="start" x="956" y="-396.7">
      (5) r -&gt; l •
     </text>
     <polygon fill="grey" points="1060,-390.5 1060,-413 1082.5,-413 1082.5,-390.5 1060,-390.5" stroke="none">
     </polygon>
     <text font-family="Courier New" font-size="14.00" text-anchor="start" x="1063" y="-396.7">
      =$
     </text>
    </g>
    <!-- state1&#45;&gt;state3 -->
    <g class="edge" id="edge9">
     <title>
      state1-&gt;state3
     </title>
     <path d="M864.35,-355.5C884.81,-363.36 906.97,-371.86 927.88,-379.89" fill="none" stroke="black" stroke-width="5">
     </path>
     <polygon fill="black" points="926.12,-383.9 937.02,-383.4 929.25,-375.73 926.12,-383.9" stroke="black" stroke-width="5">
     </polygon>
     <text font-family="Times,serif" font-size="28.00" text-anchor="middle" x="902.88" y="-377.82">
      l
     </text>
    </g>
    <!-- state4 -->
    <g class="node" id="node5">
     <title>
      state4
     </title>
     <path d="M938.5,-295.5C938.5,-295.5 1097,-295.5 1097,-295.5 1103,-295.5 1109,-301.5 1109,-307.5 1109,-307.5 1109,-342.5 1109,-342.5 1109,-348.5 1103,-354.5 1097,-354.5 1097,-354.5 938.5,-354.5 938.5,-354.5 932.5,-354.5 926.5,-348.5 926.5,-342.5 926.5,-342.5 926.5,-307.5 926.5,-307.5 926.5,-301.5 932.5,-295.5 938.5,-295.5" fill="white" stroke="black">
     </path>
     <polygon fill="white" points="934.5,-299.5 934.5,-350.5 1101,-350.5 1101,-299.5 934.5,-299.5" stroke="none">
     </polygon>
     <polygon fill="black" points="936.5,-326 936.5,-348.5 1099,-348.5 1099,-326 936.5,-326" stroke="none">
     </polygon>
     <text fill="white" font-family="Courier New" font-size="14.00" text-anchor="start" x="984.75" y="-332.2">
      State #4
     </text>
     <text font-family="Courier New" font-size="14.00" text-anchor="start" x="939.5" y="-307.7">
      (3) l -&gt; '*' r •
     </text>
     <polygon fill="grey" points="1076.5,-301.5 1076.5,-324 1099,-324 1099,-301.5 1076.5,-301.5" stroke="none">
     </polygon>
     <text font-family="Courier New" font-size="14.00" text-anchor="start" x="1079.5" y="-307.7">
      =$
     </text>
    </g>
    <!-- state1&#45;&gt;state4 -->
    <g class="edge" id="edge7">
     <title>
      state1-&gt;state4
     </title>
     <path d="M864.35,-325C879.14,-325 894.81,-325 910.26,-325" fill="none" stroke="black" stroke-width="5">
     </path>
     <polygon fill="black" points="909.99,-329.38 919.99,-325 909.99,-320.63 909.99,-329.38" stroke="black" stroke-width="5">
     </polygon>
     <text font-family="Times,serif" font-size="28.00" text-anchor="middle" x="902.88" y="-330.65">
      r
     </text>
    </g>
    <!-- state7 -->
    <g class="node" id="node8">
     <title>
      state7
     </title>
     <path d="M476.75,-258.75C476.75,-258.75 629.25,-258.75 629.25,-258.75 635.25,-258.75 641.25,-264.75 641.25,-270.75 641.25,-270.75 641.25,-379.25 641.25,-379.25 641.25,-385.25 635.25,-391.25 629.25,-391.25 629.25,-391.25 476.75,-391.25 476.75,-391.25 470.75,-391.25 464.75,-385.25 464.75,-379.25 464.75,-379.25 464.75,-270.75 464.75,-270.75 464.75,-264.75 470.75,-258.75 476.75,-258.75" fill="white" stroke="black">
     </path>
     <polygon fill="white" points="472.75,-262.75 472.75,-387.25 633.25,-387.25 633.25,-262.75 472.75,-262.75" stroke="none">
     </polygon>
     <polygon fill="black" points="474.75,-362.75 474.75,-385.25 631.25,-385.25 631.25,-362.75 474.75,-362.75" stroke="none">
     </polygon>
     <text fill="white" font-family="Courier New" font-size="14.00" text-anchor="start" x="520" y="-368.95">
      State #7
     </text>
     <text font-family="Courier New" font-size="14.00" text-anchor="start" x="477.75" y="-344.45">
      (1) e -&gt; l '=' •r
     </text>
     <text font-family="Courier New" font-size="14.00" text-anchor="start" x="477.75" y="-319.95">
      (3) l -&gt; •'*' r
     </text>
     <text font-family="Courier New" font-size="14.00" text-anchor="start" x="477.75" y="-295.45">
      (4) l -&gt; •'n'
     </text>
     <text font-family="Courier New" font-size="14.00" text-anchor="start" x="477.75" y="-270.95">
      (5) r -&gt; •l
     </text>
    </g>
    <!-- state6&#45;&gt;state7 -->
    <g class="edge" id="edge10">
     <title>
      state6-&gt;state7
     </title>
     <path d="M416.32,-308.51C428.49,-309.99 440.96,-311.5 453.19,-312.99" fill="none" stroke="black">
     </path>
     <polygon fill="black" points="452.48,-316.43 462.83,-314.16 453.32,-309.48 452.48,-316.43" stroke="black">
     </polygon>
     <text fill="#474747" font-family="Times,serif" font-size="14.00" text-anchor="middle" x="440.38" y="-315.04">
      '='
     </text>
    </g>
    <!-- state7&#45;&gt;state1 -->
    <g class="edge" id="edge12">
     <title>
      state7-&gt;state1
     </title>
     <path d="M641.51,-325C658.12,-325 675.53,-325 692.24,-325" fill="none" stroke="black">
     </path>
     <polygon fill="black" points="692.16,-328.5 702.16,-325 692.16,-321.5 692.16,-328.5" stroke="black">
     </polygon>
     <text fill="#474747" font-family="Times,serif" font-size="14.00" text-anchor="middle" x="664.88" y="-328.2">
      '*'
     </text>
    </g>
    <!-- state7&#45;&gt;state2 -->
    <g class="edge" id="edge13">
     <title>
      state7-&gt;state2
     </title>
     <path d="M635.05,-258.48C651.83,-247.91 670.04,-238.5 688.5,-232.5 764.61,-207.77 855.95,-207.61 922.93,-212.5" fill="none" stroke="black">
     </path>
     <polygon fill="black" points="922.55,-215.98 932.8,-213.28 923.1,-209 922.55,-215.98" stroke="black">
     </polygon>
     <text fill="#474747" font-family="Times,serif" font-size="14.00" text-anchor="middle" x="783.88" y="-235.7">
      'n'
     </text>
    </g>
    <!-- state7&#45;&gt;state3 -->
    <g class="edge" id="edge14">
     <title>
      state7-&gt;state3
     </title>
     <path d="M617.38,-391.69C638.18,-409.21 662.65,-425.77 688.5,-435 765.68,-462.54 859.47,-452.61 927,-438.56" fill="none" stroke="black" stroke-width="5">
     </path>
     <polygon fill="black" points="927.79,-442.87 936.62,-436.45 925.92,-434.32 927.79,-442.87" stroke="black" stroke-width="5">
     </polygon>
     <text font-family="Times,serif" font-size="28.00" text-anchor="middle" x="783.88" y="-458.11">
      l
     </text>
    </g>
    <!-- state8 -->
    <g class="node" id="node9">
     <title>
      state8
     </title>
     <path d="M700.5,-512.5C700.5,-512.5 867.25,-512.5 867.25,-512.5 873.25,-512.5 879.25,-518.5 879.25,-524.5 879.25,-524.5 879.25,-559.5 879.25,-559.5 879.25,-565.5 873.25,-571.5 867.25,-571.5 867.25,-571.5 700.5,-571.5 700.5,-571.5 694.5,-571.5 688.5,-565.5 688.5,-559.5 688.5,-559.5 688.5,-524.5 688.5,-524.5 688.5,-518.5 694.5,-512.5 700.5,-512.5" fill="white" stroke="black">
     </path>
     <polygon fill="white" points="696.5,-516.5 696.5,-567.5 871.25,-567.5 871.25,-516.5 696.5,-516.5" stroke="none">
     </polygon>
     <polygon fill="black" points="698.5,-543 698.5,-565.5 869.25,-565.5 869.25,-543 698.5,-543" stroke="none">
     </polygon>
     <text fill="white" font-family="Courier New" font-size="14.00" text-anchor="start" x="750.88" y="-549.2">
      State #8
     </text>
     <text font-family="Courier New" font-size="14.00" text-anchor="start" x="701.5" y="-524.7">
      (1) e -&gt; l '=' r •
     </text>
     <polygon fill="grey" points="855,-518.5 855,-541 869.25,-541 869.25,-518.5 855,-518.5" stroke="none">
     </polygon>
     <text font-family="Courier New" font-size="14.00" text-anchor="start" x="858" y="-524.7">
      $
     </text>
    </g>
    <!-- state7&#45;&gt;state8 -->
    <g class="edge" id="edge11">
     <title>
      state7-&gt;state8
     </title>
     <path d="M589.12,-391.41C612.34,-428.67 646.26,-472.65 688.5,-498 692.19,-500.21 696,-502.39 699.9,-504.53" fill="none" stroke="black" stroke-width="5">
     </path>
     <polygon fill="black" points="697.8,-508.37 708.68,-509.15 701.87,-500.63 697.8,-508.37" stroke="black" stroke-width="5">
     </polygon>
     <text font-family="Times,serif" font-size="28.00" text-anchor="middle" x="664.88" y="-490.32">
      r
     </text>
    </g>
   </g>
  </svg>
 </body>
</html>
