<html>
 <head>
  <meta content="text/html; charset=utf-8" http-equiv="Content-type"/>
  <link charset="utf-8" href="/assets/styles/markdown/markdown-screen.css" media="screen" rel="stylesheet" type="text/css"/>
  <link charset="utf-8" href="/assets/styles/markdown/markdown-print.css" media="print" rel="stylesheet" type="text/css"/>
  <link charset="utf-8" href="/assets/styles/markdown/pygments/github.css" media="screen" rel="stylesheet" type="text/css"/>
  <link charset="utf-8" href="/assets/js/mermaid/mermaid.forest.css" media="screen" rel="stylesheet" type="text/css"/>
  <title>
   Table of content
  </title>
  <script charset="utf-8" type="text/javascript">
   function toggleVisibility(theButton, targetName) {
              var target = document.getElementById(targetName);
              if ( target.style.opacity == '0' ) {
                // show
                target.style.left = '0px';
                target.style.position = 'relative';
                target.style.opacity = '1';
                theButton.innerHTML = "Hide Table of Contents";
              } else {
                // hide
                target.style.left = '-4000px';
                target.style.position = 'absolute';
                target.style.opacity = '0';
                theButton.innerHTML = "Show Table of Contents";
              }
              return true;
            }
  </script>
  <script src="/assets/js/mermaid/mermaid.js">
  </script>
  #
  <script charset="utf-8" type="text/javascript">
   mermaid.initialize({
                flowchart:{
                    htmlLabels: true,
                    useMaxWidth: false
                  },
                sequenceDiagram: {
                    diagramMarginX:10,
                    diagramMarginY:10,
                    boxTextMargin:10,
                    noteMargin:10,
                    messageMargin:35,
                    mirrorActors:true,
                    // Height of actor boxes
                    width:300,
                    height:40,
                    useMaxWidth: false
                },
               ganttConfig: {
                titleTopMargin:25,
                barHeight:20,
                barGap:4,
                topPadding:5,
                sidePadding:75,
                gridLineStartPadding:35,
                fontSize:11,
                numberSectionStyles:3
              },
              cloneCssStyles:true,
              startOnLoad:true
            });
  </script>
 </head>
 <body>
  <p class="controls" id="showhide" onclick="toggleVisibility(this, 'TOC');">
   Hide Table of Contents
  </p>
  <div id="TOC">
   <ul>
    <li>
     <a href="#example-of-super-markdown-file">
      Example of Super Markdown file
     </a>
     <ul>
      <li>
       <a href="#table-of-content">
        Table of content
       </a>
      </li>
      <li>
       <a href="#introduction">
        Introduction
       </a>
      </li>
      <li>
       <a href="#a-text-with-list-example">
        A text with list &amp; example
       </a>
      </li>
      <li>
       <a href="#mermaid-sequence-diagram">
        Mermaid sequence diagram
       </a>
      </li>
      <li>
       <a href="#mermaid-graph">
        Mermaid graph
       </a>
      </li>
      <li>
       <a href="#dotgraph">
        DotGraph
       </a>
       <ul>
        <li>
         <a href="#simple-example">
          Simple example
         </a>
         <ul>
          <li>
           <a href="#a-complex-example">
            a Complex example
           </a>
          </li>
         </ul>
        </li>
       </ul>
      </li>
     </ul>
    </li>
   </ul>
  </div>
  <table id="metadata">
  </table>
  <h1 id="example-of-super-markdown-file">
   Example of Super Markdown file
  </h1>
  <h2 id="table-of-content">
   Table of content
  </h2>
  <hr/>
  <div id="TOC">
   <ul>
    <li>
     <a href="#example-of-super-markdown-file">
      Example of Super Markdown file
     </a>
     <ul>
      <li>
       <a href="#table-of-content">
        Table of content
       </a>
      </li>
      <li>
       <a href="#introduction">
        Introduction
       </a>
      </li>
      <li>
       <a href="#a-text-with-list-example">
        A text with list &amp; example
       </a>
      </li>
      <li>
       <a href="#mermaid-sequence-diagram">
        Mermaid sequence diagram
       </a>
      </li>
      <li>
       <a href="#mermaid-graph">
        Mermaid graph
       </a>
      </li>
      <li>
       <a href="#dotgraph">
        DotGraph
       </a>
       <ul>
        <li>
         <a href="#simple-example">
          Simple example
         </a>
         <ul>
          <li>
           <a href="#a-complex-example">
            a Complex example
           </a>
          </li>
         </ul>
        </li>
       </ul>
      </li>
     </ul>
    </li>
   </ul>
  </div>
  <h2 id="introduction">
   Introduction
  </h2>
  <p>
   Super Markdown can generate Standalone Html file from markdown.
  </p>
  <h2 id="a-text-with-list-example">
   A text with list &amp; example
  </h2>
  <p>
   Lorem ipsum dolor sit amet, consectetur adipisicing elit, sed do eiusmod
tempor incididunt ut labore et dolore magna aliqua. Ut enim ad minim veniam,
quis nostrud exercitation ullamco laboris nisi ut aliquip ex ea commodo
consequat. Duis aute irure dolor in reprehenderit in voluptate velit esse
cillum dolore eu fugiat nulla pariatur. Excepteur sint occaecat cupidatat non
proident, sunt in culpa qui officia deserunt mollit anim id est laborum.
  </p>
  <p>
   <strong>
    Bullet
   </strong>
   list:
  </p>
  <ul>
   <li>
    apples
   </li>
   <li>
    oranges
   </li>
   <li>
    pears
   </li>
  </ul>
  <p>
   <strong>
    Numbered
   </strong>
   list:
  </p>
  <ol>
   <li>
    apples
   </li>
   <li>
    oranges
   </li>
   <li>
    pears
   </li>
  </ol>
  <p>
   <strong>
    Task
   </strong>
   list:
  </p>
  <ul>
   <li>
    [ ] foo
   </li>
   <li>
    [x] bar
   </li>
   <li>
    [ ] baz
   </li>
  </ul>
  <h2 id="mermaid-sequence-diagram">
   Mermaid sequence diagram
  </h2>
  <code class="mermaid">
   sequenceDiagram
            participant OneDep Deposition UI
            participant Workflow Database
            participant Workflow Engine
            participant Format Check WF
            participant Format Conversion WF
            participant Validation WF
            participant OnSubmit WF

            OneDep Deposition UI-&gt;&gt;Workflow Database:Workflow request
            Workflow Database--&gt;&gt;OneDep Deposition UI:Workflow completion status

            Workflow Database-&gt;&gt;Workflow Engine:Monitor workflow requests
            Workflow Engine--&gt;&gt;Workflow Database:Return completion status


            loop For each uploaded dataset model
            Workflow Engine-&gt;&gt;Format Check WF:Invoke format check workflow
            Format Check WF--&gt;&gt;Workflow Engine:Return completion status

            Workflow Engine-&gt;&gt;Format Conversion WF:Invoke format conversion workflow
            Format Conversion WF--&gt;&gt;Workflow Engine:Return completion status

            Workflow Engine-&gt;&gt;Validation WF:Invoke validation report workflow
            Validation WF--&gt;&gt;Workflow Engine:Return completion status
            end
            Workflow Engine-&gt;&gt;OnSubmit WF:Invoke submit to annotation workflow
            OnSubmit WF--&gt;&gt;Workflow Engine:Return completion status
  </code>
  <h2 id="mermaid-graph">
   Mermaid graph
  </h2>
  <code class="mermaid">
   graph TD;

subgraph Store Wizzard
    c_wiz1(cabinet)
    c_wiz2(cabinet)
    c_wiz3(cabinet)
    c_wiz4(cabinet)
end

subgraph Configurateur
    l_conf(Linéaire)
end

l_conf --&gt; c_wiz1
l_conf --&gt; c_wiz2
l_conf --&gt; c_wiz3
l_conf --&gt; c_wiz4
  </code>
  <code class="mermaid">
   graph TD;

subgraph Store Wizzard
    c_wiz1(cabinet)
    c_wiz2(cabinet)
    c_wiz3(cabinet)
    c_wiz4(cabinet)
end

subgraph Configurateur
    l_conf(Linéaire)
end

l_conf --&gt; c_wiz1
l_conf --&gt; c_wiz2
l_conf --&gt; c_wiz3
l_conf --&gt; c_wiz4
  </code>
  <h2 id="dotgraph">
   DotGraph
  </h2>
  <h3 id="simple-example">
   Simple example
  </h3>
  <p>
   a very short example find on
   <a href="http://graphviz.readthedocs.io/en/latest/manual.html">
    Graphviz manual
   </a>
  </p>
  <?xml version="1.0" encoding="UTF-8" standalone="no"?>
  <!DOCTYPE svg PUBLIC "-//W3C//DTD SVG 1.1//EN"
 "http://www.w3.org/Graphics/SVG/1.1/DTD/svg11.dtd">
  <!-- Generated by graphviz version 2.43.0 (0)
 -->
  <!-- Title: pet&#45;shop Pages: 1 -->
  <svg height="44pt" viewbox="0.00 0.00 160.00 44.00" width="160pt" xmlns="http://www.w3.org/2000/svg" xmlns:xlink="http://www.w3.org/1999/xlink">
   <g class="graph" id="graph0" transform="scale(1 1) rotate(0) translate(4 40)">
    <title>
     pet-shop
    </title>
    <polygon fill="white" points="-4,4 -4,-40 156,-40 156,4 -4,4" stroke="transparent">
    </polygon>
    <!-- parrot -->
    <g class="node" id="node1">
     <title>
      parrot
     </title>
     <text font-family="Times,serif" font-size="14.00" text-anchor="middle" x="31" y="-14.3">
      parrot
     </text>
    </g>
    <!-- dead -->
    <g class="node" id="node2">
     <title>
      dead
     </title>
     <text font-family="Times,serif" font-size="14.00" text-anchor="middle" x="125" y="-14.3">
      dead
     </text>
    </g>
    <!-- parrot&#45;&gt;dead -->
    <g class="edge" id="edge1">
     <title>
      parrot-&gt;dead
     </title>
     <path d="M62.12,-18C67.08,-18 72.31,-18 77.55,-18" fill="none" stroke="black">
     </path>
     <polygon fill="black" points="97.83,-18 77.83,-27 87.83,-18 77.83,-18 77.83,-18 77.83,-18 87.83,-18 77.83,-9 97.83,-18 97.83,-18" stroke="black">
     </polygon>
    </g>
   </g>
  </svg>
  <p>
   and another example:
  </p>
  <?xml version="1.0" encoding="UTF-8" standalone="no"?>
  <!DOCTYPE svg PUBLIC "-//W3C//DTD SVG 1.1//EN"
 "http://www.w3.org/Graphics/SVG/1.1/DTD/svg11.dtd">
  <!-- Generated by graphviz version 2.43.0 (0)
 -->
  <!-- Title: %3 Pages: 1 -->
  <svg height="116pt" viewbox="0.00 0.00 484.43 116.00" width="484pt" xmlns="http://www.w3.org/2000/svg" xmlns:xlink="http://www.w3.org/1999/xlink">
   <g class="graph" id="graph0" transform="scale(1 1) rotate(0) translate(4 112)">
    <title>
     %3
    </title>
    <polygon fill="white" points="-4,4 -4,-112 480.43,-112 480.43,4 -4,4" stroke="transparent">
    </polygon>
    <!-- A -->
    <g class="node" id="node1">
     <title>
      A
     </title>
     <ellipse cx="237.39" cy="-90" fill="none" rx="65.79" ry="18" stroke="black">
     </ellipse>
     <text font-family="Times,serif" font-size="14.00" text-anchor="middle" x="237.39" y="-86.3">
      King Arthur
     </text>
    </g>
    <!-- B -->
    <g class="node" id="node2">
     <title>
      B
     </title>
     <ellipse cx="114.39" cy="-18" fill="none" rx="114.28" ry="18" stroke="black">
     </ellipse>
     <text font-family="Times,serif" font-size="14.00" text-anchor="middle" x="114.39" y="-14.3">
      Sir Bedevere the Wise
     </text>
    </g>
    <!-- A&#45;&gt;B -->
    <g class="edge" id="edge1">
     <title>
      A-&gt;B
     </title>
     <path d="M210.09,-73.46C193.06,-63.77 170.9,-51.16 152.19,-40.51" fill="none" stroke="black">
     </path>
     <polygon fill="black" points="153.75,-37.37 143.33,-35.47 150.28,-43.46 153.75,-37.37" stroke="black">
     </polygon>
    </g>
    <!-- L -->
    <g class="node" id="node3">
     <title>
      L
     </title>
     <ellipse cx="361.39" cy="-18" fill="none" rx="115.08" ry="18" stroke="black">
     </ellipse>
     <text font-family="Times,serif" font-size="14.00" text-anchor="middle" x="361.39" y="-14.3">
      Sir Lancelot the Brave
     </text>
    </g>
    <!-- A&#45;&gt;L -->
    <g class="edge" id="edge2">
     <title>
      A-&gt;L
     </title>
     <path d="M264.91,-73.46C282.08,-63.77 304.42,-51.16 323.28,-40.51" fill="none" stroke="black">
     </path>
     <polygon fill="black" points="325.23,-43.43 332.22,-35.47 321.79,-37.34 325.23,-43.43" stroke="black">
     </polygon>
    </g>
    <!-- B&#45;&gt;L -->
    <g class="edge" id="edge3">
     <title>
      B-&gt;L
     </title>
     <path d="M229.21,-18C231.51,-18 233.82,-18 236.13,-18" fill="none" stroke="black">
     </path>
     <polygon fill="black" points="236.25,-21.5 246.25,-18 236.25,-14.5 236.25,-21.5" stroke="black">
     </polygon>
    </g>
   </g>
  </svg>
  <h4 id="a-complex-example">
   a Complex example
  </h4>
  <p>
   Here a more complex example find on
   <a href="http://www.graphviz.org/content/Genetic_Programming">
    Graphviz Gallery
   </a>
  </p>
  <?xml version="1.0" encoding="UTF-8" standalone="no"?>
  <!DOCTYPE svg PUBLIC "-//W3C//DTD SVG 1.1//EN"
 "http://www.w3.org/Graphics/SVG/1.1/DTD/svg11.dtd">
  <!-- Generated by graphviz version 2.43.0 (0)
 -->
  <!-- Title: g Pages: 1 -->
  <svg height="559pt" viewbox="0.00 0.00 1143.00 559.00" width="1143pt" xmlns="http://www.w3.org/2000/svg" xmlns:xlink="http://www.w3.org/1999/xlink">
   <g class="graph" id="graph0" transform="scale(1 1) rotate(0) translate(4 555)">
    <title>
     g
    </title>
    <polygon fill="white" points="-4,4 -4,-555 1139,-555 1139,4 -4,4" stroke="transparent">
    </polygon>
    <!-- state0 -->
    <g class="node" id="node1">
     <title>
      state0
     </title>
     <path d="M12,-74C12,-74 165,-74 165,-74 171,-74 177,-80 177,-86 177,-86 177,-233 177,-233 177,-239 171,-245 165,-245 165,-245 12,-245 12,-245 6,-245 0,-239 0,-233 0,-233 0,-86 0,-86 0,-80 6,-74 12,-74" fill="white" stroke="black" stroke-width="5">
     </path>
     <polygon fill="white" points="8,-78 8,-241 169,-241 169,-78 8,-78" stroke="transparent">
     </polygon>
     <polygon fill="black" points="10.5,-217.5 10.5,-238.5 167.5,-238.5 167.5,-217.5 10.5,-217.5" stroke="transparent">
     </polygon>
     <text fill="white" font-family="Courier New" font-size="14.00" text-anchor="start" x="55.5" y="-224.3">
      State #0
     </text>
     <text font-family="Courier New" font-size="14.00" text-anchor="start" x="13.5" y="-201.3">
      (0) s -&gt; •e $
     </text>
     <text font-family="Courier New" font-size="14.00" text-anchor="start" x="13.5" y="-178.3">
      (1) e -&gt; •l '=' r
     </text>
     <text font-family="Courier New" font-size="14.00" text-anchor="start" x="13.5" y="-155.3">
      (2) e -&gt; •r
     </text>
     <text font-family="Courier New" font-size="14.00" text-anchor="start" x="13.5" y="-132.3">
      (3) l -&gt; •'*' r
     </text>
     <text font-family="Courier New" font-size="14.00" text-anchor="start" x="13.5" y="-109.3">
      (4) l -&gt; •'n'
     </text>
     <text font-family="Courier New" font-size="14.00" text-anchor="start" x="13.5" y="-86.3">
      (5) r -&gt; •l
     </text>
    </g>
    <!-- state1 -->
    <g class="node" id="node2">
     <title>
      state1
     </title>
     <path d="M733.5,-250C733.5,-250 870.5,-250 870.5,-250 876.5,-250 882.5,-256 882.5,-262 882.5,-262 882.5,-363 882.5,-363 882.5,-369 876.5,-375 870.5,-375 870.5,-375 733.5,-375 733.5,-375 727.5,-375 721.5,-369 721.5,-363 721.5,-363 721.5,-262 721.5,-262 721.5,-256 727.5,-250 733.5,-250" fill="white" stroke="black">
     </path>
     <polygon fill="white" points="729.5,-254 729.5,-371 874.5,-371 874.5,-254 729.5,-254" stroke="transparent">
     </polygon>
     <polygon fill="black" points="732,-347.5 732,-368.5 873,-368.5 873,-347.5 732,-347.5" stroke="transparent">
     </polygon>
     <text fill="white" font-family="Courier New" font-size="14.00" text-anchor="start" x="769" y="-354.3">
      State #1
     </text>
     <text font-family="Courier New" font-size="14.00" text-anchor="start" x="735" y="-331.3">
      (3) l -&gt; •'*' r
     </text>
     <text font-family="Courier New" font-size="14.00" text-anchor="start" x="735" y="-308.3">
      (3) l -&gt; '*' •r
     </text>
     <text font-family="Courier New" font-size="14.00" text-anchor="start" x="735" y="-285.3">
      (4) l -&gt; •'n'
     </text>
     <text font-family="Courier New" font-size="14.00" text-anchor="start" x="735" y="-262.3">
      (5) r -&gt; •l
     </text>
    </g>
    <!-- state0&#45;&gt;state1 -->
    <g class="edge" id="edge4">
     <title>
      state0-&gt;state1
     </title>
     <path d="M177.19,-171.32C330.31,-192.07 632.44,-233.52 655,-240.5 674.05,-246.4 693.7,-254.52 712.16,-263.18" fill="none" stroke="black">
     </path>
     <polygon fill="black" points="710.88,-266.45 721.41,-267.61 713.9,-260.14 710.88,-266.45" stroke="black">
     </polygon>
     <text fill="#474747" font-family="Times,serif" font-size="14.00" text-anchor="middle" x="450" y="-213.3">
      '*'
     </text>
    </g>
    <!-- state2 -->
    <g class="node" id="node3">
     <title>
      state2
     </title>
     <path d="M971.5,-188.5C971.5,-188.5 1114.5,-188.5 1114.5,-188.5 1120.5,-188.5 1126.5,-194.5 1126.5,-200.5 1126.5,-200.5 1126.5,-232.5 1126.5,-232.5 1126.5,-238.5 1120.5,-244.5 1114.5,-244.5 1114.5,-244.5 971.5,-244.5 971.5,-244.5 965.5,-244.5 959.5,-238.5 959.5,-232.5 959.5,-232.5 959.5,-200.5 959.5,-200.5 959.5,-194.5 965.5,-188.5 971.5,-188.5" fill="white" stroke="black">
     </path>
     <polygon fill="white" points="967.5,-192.5 967.5,-240.5 1118.5,-240.5 1118.5,-192.5 967.5,-192.5" stroke="transparent">
     </polygon>
     <polygon fill="black" points="970,-217.5 970,-238.5 1117,-238.5 1117,-217.5 970,-217.5" stroke="transparent">
     </polygon>
     <text fill="white" font-family="Courier New" font-size="14.00" text-anchor="start" x="1010" y="-224.3">
      State #2
     </text>
     <text font-family="Courier New" font-size="14.00" text-anchor="start" x="973" y="-201.3">
      (4) l -&gt; 'n' •
     </text>
     <polygon fill="grey" points="1094,-194.5 1094,-215.5 1117,-215.5 1117,-194.5 1094,-194.5" stroke="transparent">
     </polygon>
     <text font-family="Courier New" font-size="14.00" text-anchor="start" x="1097" y="-201.3">
      =$
     </text>
    </g>
    <!-- state0&#45;&gt;state2 -->
    <g class="edge" id="edge5">
     <title>
      state0-&gt;state2
     </title>
     <path d="M177.01,-159.5C221.35,-159.5 276.04,-159.5 325,-159.5 325,-159.5 325,-159.5 803,-159.5 854.36,-159.5 910.29,-172.11 955.11,-185.47" fill="none" stroke="black">
     </path>
     <polygon fill="black" points="954.21,-188.85 964.8,-188.42 956.25,-182.16 954.21,-188.85" stroke="black">
     </polygon>
     <text fill="#474747" font-family="Times,serif" font-size="14.00" text-anchor="middle" x="566.5" y="-163.3">
      'n'
     </text>
    </g>
    <!-- state5 -->
    <g class="node" id="node6">
     <title>
      state5
     </title>
     <path d="M266,-75.5C266,-75.5 386,-75.5 386,-75.5 392,-75.5 398,-81.5 398,-87.5 398,-87.5 398,-119.5 398,-119.5 398,-125.5 392,-131.5 386,-131.5 386,-131.5 266,-131.5 266,-131.5 260,-131.5 254,-125.5 254,-119.5 254,-119.5 254,-87.5 254,-87.5 254,-81.5 260,-75.5 266,-75.5" fill="black" stroke="black">
     </path>
     <polygon fill="black" points="262,-79.5 262,-127.5 390,-127.5 390,-79.5 262,-79.5" stroke="transparent">
     </polygon>
     <polygon fill="black" points="264,-104.5 264,-125.5 388,-125.5 388,-104.5 264,-104.5" stroke="transparent">
     </polygon>
     <text fill="white" font-family="Courier New" font-size="14.00" text-anchor="start" x="292.5" y="-111.3">
      State #5
     </text>
     <text fill="white" font-family="Courier New" font-size="14.00" text-anchor="start" x="267" y="-88.3">
      (0) s -&gt; e •$
     </text>
    </g>
    <!-- state0&#45;&gt;state5 -->
    <g class="edge" id="edge1">
     <title>
      state0-&gt;state5
     </title>
     <path d="M177.15,-119.68C183.12,-117.72 189.11,-115.97 195,-114.5 210.56,-110.63 227.46,-108.06 243.77,-106.36" fill="none" stroke="black" stroke-width="5">
     </path>
     <polygon fill="black" points="244.28,-110.71 253.83,-105.42 243.46,-102 244.28,-110.71" stroke="black" stroke-width="5">
     </polygon>
     <text font-family="Times,serif" font-size="28.00" text-anchor="middle" x="203.5" y="-123.1">
      e
     </text>
    </g>
    <!-- state6 -->
    <g class="node" id="node7">
     <title>
      state6
     </title>
     <path d="M242,-246C242,-246 410,-246 410,-246 416,-246 422,-252 422,-258 422,-258 422,-313 422,-313 422,-319 416,-325 410,-325 410,-325 242,-325 242,-325 236,-325 230,-319 230,-313 230,-313 230,-258 230,-258 230,-252 236,-246 242,-246" fill="white" stroke="black">
     </path>
     <polygon fill="white" points="238,-250 238,-321 414,-321 414,-250 238,-250" stroke="transparent">
     </polygon>
     <polygon fill="black" points="240,-297.5 240,-318.5 412,-318.5 412,-297.5 240,-297.5" stroke="transparent">
     </polygon>
     <text fill="white" font-family="Courier New" font-size="14.00" text-anchor="start" x="292.5" y="-304.3">
      State #6
     </text>
     <text font-family="Courier New" font-size="14.00" text-anchor="start" x="243" y="-281.3">
      (1) e -&gt; l •'=' r
     </text>
     <text font-family="Courier New" font-size="14.00" text-anchor="start" x="243" y="-258.3">
      (5) r -&gt; l •
     </text>
     <polygon fill="grey" points="397,-251.5 397,-272.5 412,-272.5 412,-251.5 397,-251.5" stroke="transparent">
     </polygon>
     <text font-family="Courier New" font-size="14.00" text-anchor="start" x="400" y="-258.3">
      $
     </text>
    </g>
    <!-- state0&#45;&gt;state6 -->
    <g class="edge" id="edge2">
     <title>
      state0-&gt;state6
     </title>
     <path d="M177.26,-206.98C183.26,-210.21 189.22,-213.4 195,-216.5 209.88,-224.47 225.73,-232.91 241.06,-241.06" fill="none" stroke="black" stroke-width="5">
     </path>
     <polygon fill="black" points="239.14,-245 250.02,-245.82 243.24,-237.27 239.14,-245" stroke="black" stroke-width="5">
     </polygon>
     <text font-family="Times,serif" font-size="28.00" text-anchor="middle" x="203.5" y="-232.1">
      l
     </text>
    </g>
    <!-- state9 -->
    <g class="node" id="node10">
     <title>
      state9
     </title>
     <path d="M266.5,-0.5C266.5,-0.5 385.5,-0.5 385.5,-0.5 391.5,-0.5 397.5,-6.5 397.5,-12.5 397.5,-12.5 397.5,-44.5 397.5,-44.5 397.5,-50.5 391.5,-56.5 385.5,-56.5 385.5,-56.5 266.5,-56.5 266.5,-56.5 260.5,-56.5 254.5,-50.5 254.5,-44.5 254.5,-44.5 254.5,-12.5 254.5,-12.5 254.5,-6.5 260.5,-0.5 266.5,-0.5" fill="white" stroke="black">
     </path>
     <polygon fill="white" points="262.5,-4.5 262.5,-52.5 389.5,-52.5 389.5,-4.5 262.5,-4.5" stroke="transparent">
     </polygon>
     <polygon fill="black" points="265,-29.5 265,-50.5 388,-50.5 388,-29.5 265,-29.5" stroke="transparent">
     </polygon>
     <text fill="white" font-family="Courier New" font-size="14.00" text-anchor="start" x="293" y="-36.3">
      State #9
     </text>
     <text font-family="Courier New" font-size="14.00" text-anchor="start" x="268" y="-13.3">
      (2) e -&gt; r •
     </text>
     <polygon fill="grey" points="373,-6.5 373,-27.5 388,-27.5 388,-6.5 373,-6.5" stroke="transparent">
     </polygon>
     <text font-family="Courier New" font-size="14.00" text-anchor="start" x="376" y="-13.3">
      $
     </text>
    </g>
    <!-- state0&#45;&gt;state9 -->
    <g class="edge" id="edge3">
     <title>
      state0-&gt;state9
     </title>
     <path d="M177.27,-86.3C183.14,-82.45 189.07,-78.81 195,-75.5 210.41,-66.89 227.7,-59.34 244.51,-52.96" fill="none" stroke="black" stroke-width="5">
     </path>
     <polygon fill="black" points="246.47,-56.91 254.34,-49.34 243.45,-48.7 246.47,-56.91" stroke="black" stroke-width="5">
     </polygon>
     <text font-family="Times,serif" font-size="28.00" text-anchor="middle" x="203.5" y="-84.1">
      r
     </text>
    </g>
    <!-- state1&#45;&gt;state1 -->
    <g class="edge" id="edge6">
     <title>
      state1-&gt;state1
     </title>
     <path d="M781,-375.33C783.87,-386.06 790.87,-393.5 802,-393.5 809.48,-393.5 815.09,-390.14 818.84,-384.68" fill="none" stroke="black">
     </path>
     <polygon fill="black" points="822.14,-385.89 823,-375.33 815.74,-383.05 822.14,-385.89" stroke="black">
     </polygon>
     <text fill="#474747" font-family="Times,serif" font-size="14.00" text-anchor="middle" x="802" y="-397.3">
      '*'
     </text>
    </g>
    <!-- state1&#45;&gt;state2 -->
    <g class="edge" id="edge8">
     <title>
      state1-&gt;state2
     </title>
     <path d="M882.58,-280.53C908.34,-270.19 936.9,-258.72 962.64,-248.38" fill="none" stroke="black">
     </path>
     <polygon fill="black" points="964.02,-251.6 971.99,-244.62 961.41,-245.1 964.02,-251.6" stroke="black">
     </polygon>
     <text fill="#474747" font-family="Times,serif" font-size="14.00" text-anchor="middle" x="924.5" y="-268.3">
      'n'
     </text>
    </g>
    <!-- state3 -->
    <g class="node" id="node4">
     <title>
      state3
     </title>
     <path d="M979.5,-369.5C979.5,-369.5 1106.5,-369.5 1106.5,-369.5 1112.5,-369.5 1118.5,-375.5 1118.5,-381.5 1118.5,-381.5 1118.5,-413.5 1118.5,-413.5 1118.5,-419.5 1112.5,-425.5 1106.5,-425.5 1106.5,-425.5 979.5,-425.5 979.5,-425.5 973.5,-425.5 967.5,-419.5 967.5,-413.5 967.5,-413.5 967.5,-381.5 967.5,-381.5 967.5,-375.5 973.5,-369.5 979.5,-369.5" fill="white" stroke="black">
     </path>
     <polygon fill="white" points="975.5,-373.5 975.5,-421.5 1110.5,-421.5 1110.5,-373.5 975.5,-373.5" stroke="transparent">
     </polygon>
     <polygon fill="black" points="978,-398.5 978,-419.5 1109,-419.5 1109,-398.5 978,-398.5" stroke="transparent">
     </polygon>
     <text fill="white" font-family="Courier New" font-size="14.00" text-anchor="start" x="1010" y="-405.3">
      State #3
     </text>
     <text font-family="Courier New" font-size="14.00" text-anchor="start" x="981" y="-382.3">
      (5) r -&gt; l •
     </text>
     <polygon fill="grey" points="1086,-375.5 1086,-396.5 1109,-396.5 1109,-375.5 1086,-375.5" stroke="transparent">
     </polygon>
     <text font-family="Courier New" font-size="14.00" text-anchor="start" x="1089" y="-382.3">
      =$
     </text>
    </g>
    <!-- state1&#45;&gt;state3 -->
    <g class="edge" id="edge9">
     <title>
      state1-&gt;state3
     </title>
     <path d="M882.58,-340.8C906.68,-349.37 933.22,-358.81 957.62,-367.49" fill="none" stroke="black" stroke-width="5">
     </path>
     <polygon fill="black" points="956.32,-371.67 967.21,-370.9 959.26,-363.43 956.32,-371.67" stroke="black" stroke-width="5">
     </polygon>
     <text font-family="Times,serif" font-size="28.00" text-anchor="middle" x="924.5" y="-366.1">
      l
     </text>
    </g>
    <!-- state4 -->
    <g class="node" id="node5">
     <title>
      state4
     </title>
     <path d="M963,-284.5C963,-284.5 1123,-284.5 1123,-284.5 1129,-284.5 1135,-290.5 1135,-296.5 1135,-296.5 1135,-328.5 1135,-328.5 1135,-334.5 1129,-340.5 1123,-340.5 1123,-340.5 963,-340.5 963,-340.5 957,-340.5 951,-334.5 951,-328.5 951,-328.5 951,-296.5 951,-296.5 951,-290.5 957,-284.5 963,-284.5" fill="white" stroke="black">
     </path>
     <polygon fill="white" points="959,-288.5 959,-336.5 1127,-336.5 1127,-288.5 959,-288.5" stroke="transparent">
     </polygon>
     <polygon fill="black" points="961,-313.5 961,-334.5 1125,-334.5 1125,-313.5 961,-313.5" stroke="transparent">
     </polygon>
     <text fill="white" font-family="Courier New" font-size="14.00" text-anchor="start" x="1009.5" y="-320.3">
      State #4
     </text>
     <text font-family="Courier New" font-size="14.00" text-anchor="start" x="964" y="-297.3">
      (3) l -&gt; '*' r •
     </text>
     <polygon fill="grey" points="1102,-290.5 1102,-311.5 1125,-311.5 1125,-290.5 1102,-290.5" stroke="transparent">
     </polygon>
     <text font-family="Courier New" font-size="14.00" text-anchor="start" x="1105" y="-297.3">
      =$
     </text>
    </g>
    <!-- state1&#45;&gt;state4 -->
    <g class="edge" id="edge7">
     <title>
      state1-&gt;state4
     </title>
     <path d="M882.58,-312.5C901.2,-312.5 921.28,-312.5 940.7,-312.5" fill="none" stroke="black" stroke-width="5">
     </path>
     <polygon fill="black" points="940.78,-316.88 950.78,-312.5 940.78,-308.13 940.78,-316.88" stroke="black" stroke-width="5">
     </polygon>
     <text font-family="Times,serif" font-size="28.00" text-anchor="middle" x="924.5" y="-321.1">
      r
     </text>
    </g>
    <!-- state7 -->
    <g class="node" id="node8">
     <title>
      state7
     </title>
     <path d="M490,-250C490,-250 643,-250 643,-250 649,-250 655,-256 655,-262 655,-262 655,-363 655,-363 655,-369 649,-375 643,-375 643,-375 490,-375 490,-375 484,-375 478,-369 478,-363 478,-363 478,-262 478,-262 478,-256 484,-250 490,-250" fill="white" stroke="black">
     </path>
     <polygon fill="white" points="486,-254 486,-371 647,-371 647,-254 486,-254" stroke="transparent">
     </polygon>
     <polygon fill="black" points="488.5,-347.5 488.5,-368.5 645.5,-368.5 645.5,-347.5 488.5,-347.5" stroke="transparent">
     </polygon>
     <text fill="white" font-family="Courier New" font-size="14.00" text-anchor="start" x="533.5" y="-354.3">
      State #7
     </text>
     <text font-family="Courier New" font-size="14.00" text-anchor="start" x="491.5" y="-331.3">
      (1) e -&gt; l '=' •r
     </text>
     <text font-family="Courier New" font-size="14.00" text-anchor="start" x="491.5" y="-308.3">
      (3) l -&gt; •'*' r
     </text>
     <text font-family="Courier New" font-size="14.00" text-anchor="start" x="491.5" y="-285.3">
      (4) l -&gt; •'n'
     </text>
     <text font-family="Courier New" font-size="14.00" text-anchor="start" x="491.5" y="-262.3">
      (5) r -&gt; •l
     </text>
    </g>
    <!-- state6&#45;&gt;state7 -->
    <g class="edge" id="edge10">
     <title>
      state6-&gt;state7
     </title>
     <path d="M422.29,-296.29C437.15,-297.97 452.54,-299.71 467.46,-301.4" fill="none" stroke="black">
     </path>
     <polygon fill="black" points="467.38,-304.91 477.71,-302.56 468.17,-297.96 467.38,-304.91" stroke="black">
     </polygon>
     <text fill="#474747" font-family="Times,serif" font-size="14.00" text-anchor="middle" x="450" y="-303.3">
      '='
     </text>
    </g>
    <!-- state7&#45;&gt;state1 -->
    <g class="edge" id="edge12">
     <title>
      state7-&gt;state1
     </title>
     <path d="M655.11,-312.5C673.45,-312.5 692.82,-312.5 711.24,-312.5" fill="none" stroke="black">
     </path>
     <polygon fill="black" points="711.37,-316 721.37,-312.5 711.37,-309 711.37,-316" stroke="black">
     </polygon>
     <text fill="#474747" font-family="Times,serif" font-size="14.00" text-anchor="middle" x="680.5" y="-316.3">
      '*'
     </text>
    </g>
    <!-- state7&#45;&gt;state2 -->
    <g class="edge" id="edge13">
     <title>
      state7-&gt;state2
     </title>
     <path d="M651.6,-249.92C668.81,-239.98 687.38,-231.13 706,-225.5 785.42,-201.47 880.28,-201.36 948.93,-206.01" fill="none" stroke="black">
     </path>
     <polygon fill="black" points="949.06,-209.53 959.28,-206.76 949.56,-202.54 949.06,-209.53" stroke="black">
     </polygon>
     <text fill="#474747" font-family="Times,serif" font-size="14.00" text-anchor="middle" x="802" y="-229.3">
      'n'
     </text>
    </g>
    <!-- state7&#45;&gt;state3 -->
    <g class="edge" id="edge14">
     <title>
      state7-&gt;state3
     </title>
     <path d="M632.1,-375.12C653.85,-392.25 679.4,-408.56 706,-417.5 788.23,-445.15 888.07,-434 957.46,-419.76" fill="none" stroke="black" stroke-width="5">
     </path>
     <polygon fill="black" points="958.59,-423.99 967.47,-417.64 956.78,-415.43 958.59,-423.99" stroke="black" stroke-width="5">
     </polygon>
     <text font-family="Times,serif" font-size="28.00" text-anchor="middle" x="802" y="-443.1">
      l
     </text>
    </g>
    <!-- state8 -->
    <g class="node" id="node9">
     <title>
      state8
     </title>
     <path d="M718,-494.5C718,-494.5 886,-494.5 886,-494.5 892,-494.5 898,-500.5 898,-506.5 898,-506.5 898,-538.5 898,-538.5 898,-544.5 892,-550.5 886,-550.5 886,-550.5 718,-550.5 718,-550.5 712,-550.5 706,-544.5 706,-538.5 706,-538.5 706,-506.5 706,-506.5 706,-500.5 712,-494.5 718,-494.5" fill="white" stroke="black">
     </path>
     <polygon fill="white" points="714,-498.5 714,-546.5 890,-546.5 890,-498.5 714,-498.5" stroke="transparent">
     </polygon>
     <polygon fill="black" points="716,-523.5 716,-544.5 888,-544.5 888,-523.5 716,-523.5" stroke="transparent">
     </polygon>
     <text fill="white" font-family="Courier New" font-size="14.00" text-anchor="start" x="768.5" y="-530.3">
      State #8
     </text>
     <text font-family="Courier New" font-size="14.00" text-anchor="start" x="719" y="-507.3">
      (1) e -&gt; l '=' r •
     </text>
     <polygon fill="grey" points="873,-500.5 873,-521.5 888,-521.5 888,-500.5 873,-500.5" stroke="transparent">
     </polygon>
     <text font-family="Courier New" font-size="14.00" text-anchor="start" x="876" y="-507.3">
      $
     </text>
    </g>
    <!-- state7&#45;&gt;state8 -->
    <g class="edge" id="edge11">
     <title>
      state7-&gt;state8
     </title>
     <path d="M605.17,-375.22C623.51,-402.7 647.17,-434.15 673,-458.5 685.65,-470.42 690.71,-471.23 706,-479.5 712.51,-483.02 719.37,-486.52 726.3,-489.91" fill="none" stroke="black" stroke-width="5">
     </path>
     <polygon fill="black" points="724.85,-494.06 735.76,-494.45 728.64,-486.18 724.85,-494.06" stroke="black" stroke-width="5">
     </polygon>
     <text font-family="Times,serif" font-size="28.00" text-anchor="middle" x="680.5" y="-478.1">
      r
     </text>
    </g>
   </g>
  </svg>
 </body>
</html>
